Assembler report for DE1_SOC_Linux_Audio
Mon Apr 20 16:58:05 2026
Quartus Prime Version 21.1.0 Build 842 10/21/2021 SJ Lite Edition


---------------------
; Table of Contents ;
---------------------
  1. Legal Notice
  2. Assembler Summary
  3. Assembler Settings
  4. Assembler Generated Files
  5. Assembler Device Options: DE1_SOC_Linux_Audio.sof
  6. Assembler Messages



----------------
; Legal Notice ;
----------------
Copyright (C) 2021  Intel Corporation. All rights reserved.
Your use of Intel Corporation's design tools, logic functions 
and other software and tools, and any partner logic 
functions, and any output files from any of the foregoing 
(including device programming or simulation files), and any 
associated documentation or information are expressly subject 
to the terms and conditions of the Intel Program License 
Subscription Agreement, the Intel Quartus Prime License Agreement,
the Intel FPGA IP License Agreement, or other applicable license
agreement, including, without limitation, that your use is for
the sole purpose of programming logic devices manufactured by
Intel and sold by Intel or its authorized distributors.  Please
refer to the applicable agreement for further details, at
https://fpgasoftware.intel.com/eula.



+---------------------------------------------------------------+
; Assembler Summary                                             ;
+-----------------------+---------------------------------------+
; Assembler Status      ; Successful - Mon Apr 20 16:58:05 2026 ;
; Revision Name         ; DE1_SOC_Linux_Audio                   ;
; Top-level Entity Name ; DE1_SOC_Linux_Audio                   ;
; Family                ; Cyclone V                             ;
; Device                ; 5CSEMA5F31C6                          ;
+-----------------------+---------------------------------------+


+----------------------------------+
; Assembler Settings               ;
+--------+---------+---------------+
; Option ; Setting ; Default Value ;
+--------+---------+---------------+


+-------------------------------------------------------------------------------------------------------------------------+
; Assembler Generated Files                                                                                               ;
+-------------------------------------------------------------------------------------------------------------------------+
; File Name                                                                                                               ;
+-------------------------------------------------------------------------------------------------------------------------+
; /homes/user/stud/fall25/jy3557/Desktop/Embedded_System/feature_sounds/sound/DE1_SOC_Linux_Audio/DE1_SOC_Linux_Audio.sof ;
+-------------------------------------------------------------------------------------------------------------------------+


+---------------------------------------------------+
; Assembler Device Options: DE1_SOC_Linux_Audio.sof ;
+----------------+----------------------------------+
; Option         ; Setting                          ;
+----------------+----------------------------------+
; JTAG usercode  ; 0x00DDC0C9                       ;
; Checksum       ; 0x00DDC0C9                       ;
+----------------+----------------------------------+


+--------------------+
; Assembler Messages ;
+--------------------+
Info: *******************************************************************
Info: Running Quartus Prime Assembler
    Info: Version 21.1.0 Build 842 10/21/2021 SJ Lite Edition
    Info: Processing started: Mon Apr 20 16:57:55 2026
Info: Command: quartus_asm --read_settings_files=off --write_settings_files=off DE1_SOC_Linux_Audio -c DE1_SOC_Linux_Audio
Warning (18236): Number of processors has not been specified which may cause overloading on shared machines.  Set the global assignment NUM_PARALLEL_PROCESSORS in your QSF to an appropriate value for best performance.
Info (115030): Assembler is generating device programming files
Warning (11713): The configuration of the Hard Processor Subsystem (HPS) within this design has changed.
The Preloader software that initializes the HPS requires an update.
Using hps_isw_handoff/soc_system_hps_0/, run the Preloader Support Package Generator to update your Preloader software
Info: Quartus Prime Assembler was successful. 0 errors, 2 warnings
    Info: Peak virtual memory: 819 megabytes
    Info: Processing ended: Mon Apr 20 16:58:05 2026
    Info: Elapsed time: 00:00:10
    Info: Total CPU time (on all processors): 00:00:05


