Info: Starting: Create HDL design files for synthesis
Info: qsys-generate /homes/user/stud/fall25/jy3557/Desktop/Embedded_System/feature_sounds/sound/DE1_SOC_Linux_Audio/soc_system.qsys --synthesis=VERILOG --output-directory=/homes/user/stud/fall25/jy3557/Desktop/Embedded_System/feature_sounds/sound/DE1_SOC_Linux_Audio/soc_system/synthesis --family="Cyclone V" --part=5CSEMA5F31C6
Progress: Loading DE1_SOC_Linux_Audio/soc_system.qsys
Progress: Reading input file
Progress: Adding audio_pll [altera_pll 14.1]
Warning: audio_pll: Used altera_pll 21.1 (instead of 14.1)
Progress: Parameterizing module audio_pll
Progress: Adding clk_0 [clock_source 14.1]
Warning: clk_0: Used clock_source 21.1 (instead of 14.1)
Progress: Parameterizing module clk_0
Progress: Adding clock_bridge_0 [altera_clock_bridge 14.1]
Warning: clock_bridge_0: Used altera_clock_bridge 21.1 (instead of 14.1)
Progress: Parameterizing module clock_bridge_0
Progress: Adding clock_bridge_44 [altera_clock_bridge 14.1]
Warning: clock_bridge_44: Used altera_clock_bridge 21.1 (instead of 14.1)
Progress: Parameterizing module clock_bridge_44
Progress: Adding clock_bridge_48 [altera_clock_bridge 14.1]
Warning: clock_bridge_48: Used altera_clock_bridge 21.1 (instead of 14.1)
Progress: Parameterizing module clock_bridge_48
Progress: Adding hps_0 [altera_hps 14.1]
Warning: hps_0: Used altera_hps 21.1 (instead of 14.1)
Progress: Parameterizing module hps_0
Progress: Adding i2s_clkctrl_apb_0 [i2s_clkctrl_api 1.7]
Progress: Parameterizing module i2s_clkctrl_apb_0
Progress: Adding i2s_output_apb_0 [i2s_output_apb 1.4]
Progress: Parameterizing module i2s_output_apb_0
Progress: Adding sysid_qsys_0 [altera_avalon_sysid_qsys 14.1]
Warning: sysid_qsys_0: Used altera_avalon_sysid_qsys 21.1 (instead of 14.1)
Progress: Parameterizing module sysid_qsys_0
Progress: Building connections
Progress: Parameterizing connections
Progress: Validating
Progress: Done reading input file
Info: soc_system.audio_pll: The legal reference clock frequency is 5.0 MHz..800.0 MHz
Warning: soc_system.audio_pll: Able to implement PLL - Actual settings differ from Requested settings
Info: soc_system.hps_0: HPS Main PLL counter settings: n = 0  m = 73
Info: soc_system.hps_0: HPS peripherial PLL counter settings: n = 0  m = 39
Warning: soc_system.hps_0: "Configuration/HPS-to-FPGA user 0 clock frequency" (desired_cfg_clk_mhz) requested 100.0 MHz, but only achieved 97.368421 MHz
Warning: soc_system.hps_0: "QSPI clock frequency" (desired_qspi_clk_mhz) requested 400.0 MHz, but only achieved 370.0 MHz
Warning: soc_system.hps_0: 1 or more output clock frequencies cannot be achieved precisely, consider revising desired output clock frequencies.
Info: soc_system.sysid_qsys_0: System ID is not assigned automatically. Edit the System ID parameter to provide a unique ID
Info: soc_system.sysid_qsys_0: Time stamp will be automatically updated when this component is generated.
Info: soc_system: Generating soc_system "soc_system" for QUARTUS_SYNTH
Warning: hps_0.f2h_irq0: Cannot connect clock for irq_mapper.sender
Warning: hps_0.f2h_irq0: Cannot connect reset for irq_mapper.sender
Warning: hps_0.f2h_irq1: Cannot connect clock for irq_mapper_001.sender
Warning: hps_0.f2h_irq1: Cannot connect reset for irq_mapper_001.sender
Info: audio_pll: "soc_system" instantiated altera_pll "audio_pll"
Info: hps_0: "Running  for module: hps_0"
Info: hps_0: HPS Main PLL counter settings: n = 0  m = 73
Info: hps_0: HPS peripherial PLL counter settings: n = 0  m = 39
Warning: hps_0: "Configuration/HPS-to-FPGA user 0 clock frequency" (desired_cfg_clk_mhz) requested 100.0 MHz, but only achieved 97.368421 MHz
Warning: hps_0: "QSPI clock frequency" (desired_qspi_clk_mhz) requested 400.0 MHz, but only achieved 370.0 MHz
Warning: hps_0: 1 or more output clock frequencies cannot be achieved precisely, consider revising desired output clock frequencies.
Info: hps_0: "soc_system" instantiated altera_hps "hps_0"
Info: i2s_clkctrl_apb_0: "soc_system" instantiated i2s_clkctrl_api "i2s_clkctrl_apb_0"
Info: i2s_output_apb_0: "soc_system" instantiated i2s_output_apb "i2s_output_apb_0"
Info: sysid_qsys_0: "soc_system" instantiated altera_avalon_sysid_qsys "sysid_qsys_0"
Info: avalon_st_adapter: Inserting error_adapter: error_adapter_0
Info: mm_interconnect_0: "soc_system" instantiated altera_mm_interconnect "mm_interconnect_0"
Info: irq_mapper: "soc_system" instantiated altera_irq_mapper "irq_mapper"
Info: rst_controller: "soc_system" instantiated altera_reset_controller "rst_controller"
Info: fpga_interfaces: "hps_0" instantiated altera_interface_generator "fpga_interfaces"
Info: hps_io: "hps_0" instantiated altera_hps_io "hps_io"
Info: i2s_output_apb_0_apb_slave_translator: "mm_interconnect_0" instantiated altera_merlin_apb_translator "i2s_output_apb_0_apb_slave_translator"
Info: sysid_qsys_0_control_slave_translator: "mm_interconnect_0" instantiated altera_merlin_slave_translator "sysid_qsys_0_control_slave_translator"
Info: hps_0_h2f_lw_axi_master_agent: "mm_interconnect_0" instantiated altera_merlin_axi_master_ni "hps_0_h2f_lw_axi_master_agent"
Info: i2s_output_apb_0_apb_slave_agent: "mm_interconnect_0" instantiated altera_merlin_apb_slave_agent "i2s_output_apb_0_apb_slave_agent"
Info: sysid_qsys_0_control_slave_agent: "mm_interconnect_0" instantiated altera_merlin_slave_agent "sysid_qsys_0_control_slave_agent"
Info: sysid_qsys_0_control_slave_agent_rsp_fifo: "mm_interconnect_0" instantiated altera_avalon_sc_fifo "sysid_qsys_0_control_slave_agent_rsp_fifo"
Info: router: "mm_interconnect_0" instantiated altera_merlin_router "router"
Info: router_002: "mm_interconnect_0" instantiated altera_merlin_router "router_002"
Info: hps_0_h2f_lw_axi_master_wr_limiter: "mm_interconnect_0" instantiated altera_merlin_traffic_limiter "hps_0_h2f_lw_axi_master_wr_limiter"
Info: Reusing file /homes/user/stud/fall25/jy3557/Desktop/Embedded_System/feature_sounds/sound/DE1_SOC_Linux_Audio/soc_system/synthesis/submodules/altera_avalon_sc_fifo.v
Info: i2s_output_apb_0_apb_slave_burst_adapter: "mm_interconnect_0" instantiated altera_merlin_burst_adapter "i2s_output_apb_0_apb_slave_burst_adapter"
Info: Reusing file /homes/user/stud/fall25/jy3557/Desktop/Embedded_System/feature_sounds/sound/DE1_SOC_Linux_Audio/soc_system/synthesis/submodules/altera_merlin_address_alignment.sv
Info: Reusing file /homes/user/stud/fall25/jy3557/Desktop/Embedded_System/feature_sounds/sound/DE1_SOC_Linux_Audio/soc_system/synthesis/submodules/altera_avalon_st_pipeline_base.v
Info: cmd_demux: "mm_interconnect_0" instantiated altera_merlin_demultiplexer "cmd_demux"
Info: cmd_mux: "mm_interconnect_0" instantiated altera_merlin_multiplexer "cmd_mux"
Info: rsp_demux: "mm_interconnect_0" instantiated altera_merlin_demultiplexer "rsp_demux"
Info: rsp_mux: "mm_interconnect_0" instantiated altera_merlin_multiplexer "rsp_mux"
Info: Reusing file /homes/user/stud/fall25/jy3557/Desktop/Embedded_System/feature_sounds/sound/DE1_SOC_Linux_Audio/soc_system/synthesis/submodules/altera_merlin_arbitrator.sv
Info: avalon_st_adapter: "mm_interconnect_0" instantiated altera_avalon_st_adapter "avalon_st_adapter"
Info: border: "hps_io" instantiated altera_interface_generator "border"
Info: error_adapter_0: "avalon_st_adapter" instantiated error_adapter "error_adapter_0"
Info: soc_system: Done "soc_system" with 28 modules, 88 files
Info: qsys-generate succeeded.
Info: Finished: Create HDL design files for synthesis
